>>> BaseGeometry = __import__('7-base_geometry').BaseGeometry

>>> bg = BaseGeometry()

# Calling the `area` method should raise an Exception.
>>> bg.area()
Traceback (most recent call last):
    ...
Exception: area() is not implemented

# Validating integers using the `integer_validator` method.
>>> bg.integer_validator("positive_integer", 5)

>>> bg.integer_validator("non_positive_integer", 0)
Traceback (most recent call last):
    ...
ValueError: non_positive_integer must be greater than 0

>>> bg.integer_validator("non_integer", "string")
Traceback (most recent call last):
    ...
TypeError: non_integer must be an integer

# Missing argument(s) cases.
>>> bg.integer_validator("missing_argument")
Traceback (most recent call last):
    ...
TypeError: BaseGeometry.integer_validator() missing 1 required positional argument: 'value'

>>> bg.integer_validator()
Traceback (most recent call last):
    ...
TypeError: BaseGeometry.integer_validator() missing 2 required positional arguments: 'name' and 'value'
