# Test cases for the add_integer(a, b=98) function
>>> add_integer = __import__('0-add_integer').add_integer

# Case 1: Add two integers
>>> add_integer(1, 2)
3

# Case 2: Add positive to negative integer
>>> add_integer(100, -2)
98

# Case 3: Add two floats
>>> add_integer(100.3, -2.8)
98

# Case 4: Add integer to a string (TypeError should be raised)
>>> add_integer(1, "school")
Traceback (most recent call last):
    ...
TypeError: b must be an integer

# case 6: Missing 1 arguments

>>> add_integer(1)
Traceback (most recent call last):
    ...
TypeError: add_integer() missing 1 required positional argument: 'b'

# case 7: Missing 2 arguments

>>> add_integer()
Traceback (most recent call last):
    ...
TypeError: add_integer() missing 2 required positional arguments: 'a' and 'b'

# Case 8: Add NaN (ValueError should be raised)

>>> add_integer(1, float('nan'))
Traceback (most recent call last):
    ...
ValueError: cannot convert float NaN to integer

