# This file to test print_square function !

# Let's go import the function fist
>>> print_square = __import__("4-print_square").print_square

=================================================================
The Prototype => def print_square(size): Where size must be an integer

#case 1: Size is integer (the function should success and print a square)

>>> print_square(2)
##
##

#case 2: Size equal to 0

>>> print_square(0)

#case 3: Size is float

>>> print_square(1.5)
Traceback (most recent call last):
	...
TypeError: size must be an integer

#case 3: Size is not integer

>>> print_square("Mamamia")
Traceback (most recent call last):
	...
TypeError: size must be an integer

#case 4: Size is less then 0
Traceback (most recent call last):
	...
ValueError: size must be >= 0

#case 5: Empty function
>>> print_square()
Traceback (most recent call last):
	...
TypeError: print_square() missing 1 required positional argument: 'size'

#case 6: Passing None as argument
>>> print_square(None)
Traceback (most recent call last):
	...
TypeError: size must be an integer
